
> react-kavia@0.1.0 start
> cross-env EDIT_MODE=true webpack serve --config .ve/webpack.config.js --mode development

<i> [webpack-dev-server] Project is running at:
<i> [webpack-dev-server] Loopback: http://localhost:3000/, http://[::1]:3000/
<i> [webpack-dev-server] On Your Network (IPv4): http://172.17.0.2:3000/
<i> [webpack-dev-server] Content not from webpack is served from './public' directory
Injecting EditorRootWrapper import: ../.ve/EditorRootWrapper
asset bundle.js 1.41 MiB [emitted] (name: main)
asset index.html 1.92 KiB [emitted]
runtime modules 27.5 KiB 14 modules
modules by path ./node_modules/ 1.24 MiB 31 modules
modules by path ./src/ 18.2 KiB
  modules by path ./src/components/*.js 6.05 KiB 5 modules
  modules by path ./src/*.css 7.49 KiB 4 modules
  modules by path ./src/*.js 4.68 KiB
    ./src/index.js 530 bytes [built] [code generated]
    ./src/App.js 4.16 KiB [built] [code generated]
modules by path ./.ve/ 15.1 KiB
  modules by path ./.ve/*.js 10.6 KiB 2 modules
  modules by path ./.ve/*.css 2.93 KiB
    ./.ve/EditorOverlay.css 2.25 KiB [built] [code generated]
    ./node_modules/css-loader/dist/cjs.js!./.ve/EditorOverlay.css 697 bytes [built] [code generated]
  ./.ve/EditorOverlay.jsx 1.58 KiB [built] [code generated]
webpack 5.99.9 compiled successfully in 3481 ms
assets by status 1.92 KiB [cached] 1 asset
assets by path *.js 1.43 MiB
  asset bundle.js 1.42 MiB [emitted] (name: main)
  asset main.68a6256b5bd92b729dc7.hot-update.js 14.6 KiB [emitted] [immutable] [hmr] (name: main)
asset main.68a6256b5bd92b729dc7.hot-update.json 28 bytes [emitted] [immutable] [hmr]
Entrypoint main 1.43 MiB = bundle.js 1.42 MiB main.68a6256b5bd92b729dc7.hot-update.js 14.6 KiB
cached modules 1.27 MiB [cached] 46 modules
runtime modules 27.5 KiB 14 modules
./src/components/CyberQuizStep.js 11.1 KiB [built] [code generated]
webpack 5.99.9 compiled successfully in 275 ms
Injecting EditorRootWrapper import: ../.ve/EditorRootWrapper
assets by path *.js 1.42 MiB
  asset bundle.js 1.42 MiB [emitted] (name: main)
  asset main.457d5d04023b7d62039a.hot-update.js 854 bytes [emitted] [immutable] [hmr] (name: main)
asset index.html 1.92 KiB [emitted]
asset main.457d5d04023b7d62039a.hot-update.json 28 bytes [emitted] [immutable] [hmr]
Entrypoint main 1.42 MiB = bundle.js 1.42 MiB main.457d5d04023b7d62039a.hot-update.js 854 bytes
cached modules 1.25 MiB [cached] 37 modules
runtime modules 27.5 KiB 14 modules
javascript modules 33.4 KiB
  modules by path ./src/ 21.2 KiB
    modules by path ./src/components/*.js 16.5 KiB
      ./src/components/WelcomeStep.js 3.45 KiB [built]
      ./src/components/CyberQuizStep.js 11.1 KiB [built]
      + 3 modules
    modules by path ./src/*.js 4.68 KiB
      ./src/index.js 530 bytes [built]
      ./src/App.js 4.16 KiB [built]
  modules by path ./.ve/ 12.2 KiB
    ./.ve/EditorRootWrapper.js 2.68 KiB [built]
    ./.ve/EditorOverlay.jsx 1.58 KiB [built]
    ./.ve/SidePanel.js 7.93 KiB [built]
webpack 5.99.9 compiled successfully in 482 ms
Injecting EditorRootWrapper import: ../.ve/EditorRootWrapper
assets by status 1.42 MiB [cached] 1 asset
asset index.html 1.92 KiB [emitted]
cached modules 1.25 MiB (javascript) 27.5 KiB (runtime) [cached] 51 modules
javascript modules 33.4 KiB
  modules by path ./src/ 21.2 KiB
    modules by path ./src/components/*.js 16.5 KiB
      ./src/components/WelcomeStep.js 3.45 KiB [built]
      ./src/components/CyberQuizStep.js 11.1 KiB [built]
      ./src/components/ContractUploadStep.js 694 bytes [built]
      + 2 modules
    modules by path ./src/*.js 4.68 KiB
      ./src/index.js 530 bytes [built]
      ./src/App.js 4.16 KiB [built]
  modules by path ./.ve/ 12.2 KiB
    ./.ve/EditorRootWrapper.js 2.68 KiB [built]
    ./.ve/EditorOverlay.jsx 1.58 KiB [built]
    ./.ve/SidePanel.js 7.93 KiB [built]
webpack 5.99.9 compiled successfully in 247 ms
